// Jest Snapshot v1, https://goo.gl/fbAQLP

exports[`should render ExpenseList with empty message 1`] = `
<div>
  <p>
    No Expenses
  </p>
</div>
`;

exports[`should render ExpenseList with expenses 1`] = `
<div>
  <ExpenseListItem
    amount={1.95}
    createdAt={0}
    description="Rent"
    id="1"
    key="dd92db98-d1a4-459e-88b0-a0cb5e9c6975"
    note=""
  />
  <ExpenseListItem
    amount={212.87}
    createdAt={-345600000}
    description="Car"
    id="2"
    key="98fe0059-9bd9-4d6b-9ab7-f123ade38a35"
    note=""
  />
  <ExpenseListItem
    amount={1}
    createdAt={345600000}
    description="Groceries"
    id="3"
    key="613c8f7c-0a45-4244-9dea-1046f0e62f1c"
    note=""
  />
</div>
`;
